../Library/Src/odometry.c:52:17:odometry_eg	144	static
../Library/Src/odometry.c:94:16:odometry_el	152	static
../Library/Src/odometry.c:137:17:odometry_ig	144	static
../Library/Src/odometry.c:181:16:odometry_il	152	static
../Library/Src/odometry.c:215:8:getVelocity	112	static
../Library/Src/odometry.c:268:13:stateTransition	136	static
../Library/Src/odometry.c:282:19:measurementFunction	112	static
../Library/Src/odometry.c:292:5:extendedKalmanFilter	544	static
../Library/Src/odometry.c:350:5:odometry_fusion	136	static
../Library/Src/odometry.c:363:6:displayCounter	8	static
../Library/Src/odometry.c:388:6:display_EG	32	static
../Library/Src/odometry.c:403:6:display_EL	32	static
