../Library/Src/robot_control.c:38:5:map	32	static
../Library/Src/robot_control.c:58:8:rampTrapezoidal	112	static
../Library/Src/robot_control.c:108:8:limitRateOfChange	48	static
../Library/Src/robot_control.c:130:6:smoothVelocity	64	static
../Library/Src/robot_control.c:158:8:limitAcceleration	56	static
../Library/Src/robot_control.c:181:6:atTargetEG	104	static
../Library/Src/robot_control.c:202:6:atTargetEL	104	static
../Library/Src/robot_control.c:222:6:lookForTheBall	64	static
../Library/Src/robot_control.c:257:6:servo_write	32	static
../Library/Src/robot_control.c:279:6:PID_EG	200	static
../Library/Src/robot_control.c:322:6:PID_EL	200	static
../Library/Src/robot_control.c:353:6:PID_IG	200	static
../Library/Src/robot_control.c:384:6:PID_IL	200	static
../Library/Src/robot_control.c:415:6:PID_KFtocoordinate	208	static
../Library/Src/robot_control.c:459:6:PID_moveToCoordinate	152	static
../Library/Src/robot_control.c:515:6:PID_setDegree	56	static
../Library/Src/robot_control.c:532:6:focusToTheBall	56	static
../Library/Src/robot_control.c:581:6:initializeSilos	24	static
../Library/Src/robot_control.c:610:6:detectAndStoreSilo	160	static
../Library/Src/robot_control.c:679:6:placeBallInSilo	224	static
../Library/Src/robot_control.c:744:6:findAndTakeBall	112	static
../Library/Src/robot_control.c:894:6:throwTheBall	96	static
../Library/Src/robot_control.c:922:6:displayBall	8	static
../Library/Src/robot_control.c:951:6:displaySilo	40	static
