../Core/Src/main.c:153:6:HAL_GPIO_EXTI_Callback	16	static
../Core/Src/main.c:236:5:main	640	static
../Core/Src/main.c:732:6:SystemClock_Config	88	static
../Core/Src/main.c:778:13:MX_I2C2_Init	8	static
../Core/Src/main.c:812:13:MX_TIM1_Init	96	static
../Core/Src/main.c:899:13:MX_TIM2_Init	64	static
../Core/Src/main.c:958:13:MX_TIM8_Init	96	static
../Core/Src/main.c:1045:13:MX_USART1_UART_Init	8	static
../Core/Src/main.c:1078:13:MX_USART2_UART_Init	8	static
../Core/Src/main.c:1111:13:MX_USART3_UART_Init	8	static
../Core/Src/main.c:1144:13:MX_GPIO_Init	56	static
../Core/Src/main.c:1315:6:HAL_UART_RxCpltCallback	40	static
../Core/Src/main.c:1390:6:Error_Handler	4	static,ignoring_inline_asm
