../Core/Src/main.c:95:6:HAL_GPIO_EXTI_Callback	16	static
../Core/Src/main.c:178:5:main	752	static
../Core/Src/main.c:518:6:SystemClock_Config	88	static
../Core/Src/main.c:564:13:MX_I2C2_Init	8	static
../Core/Src/main.c:598:13:MX_TIM1_Init	96	static
../Core/Src/main.c:685:13:MX_TIM2_Init	64	static
../Core/Src/main.c:748:13:MX_TIM8_Init	96	static
../Core/Src/main.c:835:13:MX_USART1_UART_Init	8	static
../Core/Src/main.c:868:13:MX_USART2_UART_Init	8	static
../Core/Src/main.c:901:13:MX_USART3_UART_Init	8	static
../Core/Src/main.c:934:13:MX_GPIO_Init	56	static
../Core/Src/main.c:1085:6:HAL_UART_RxCpltCallback	40	static
../Core/Src/main.c:1160:6:Error_Handler	4	static,ignoring_inline_asm
