../Core/Src/odometry.c:34:15:odometry	264	static
../Core/Src/odometry.c:106:8:getVelocity	112	static
../Core/Src/odometry.c:157:13:stateTransition	192	static
../Core/Src/odometry.c:171:19:measurementFunction	112	static
../Core/Src/odometry.c:181:5:extendedKalmanFilter	576	static
../Core/Src/odometry.c:237:6:displayKalman	32	static
../Core/Src/odometry.c:250:6:cek2	56	static
../Core/Src/odometry.c:273:6:cek	32	static
../Core/Src/odometry.c:304:6:displayCounter	8	static
../Core/Src/odometry.c:329:6:displayPosition	8	static
