../Core/Src/odometry.c:35:15:odometry	264	static
../Core/Src/odometry.c:110:8:getVelocity	112	static
../Core/Src/odometry.c:163:13:stateTransition	192	static
../Core/Src/odometry.c:177:19:measurementFunction	112	static
../Core/Src/odometry.c:187:5:extendedKalmanFilter	576	static
../Core/Src/odometry.c:243:6:displayKalman	32	static
../Core/Src/odometry.c:270:6:cek2	56	static
../Core/Src/odometry.c:293:6:cek	32	static
../Core/Src/odometry.c:328:6:displayCounter	8	static
../Core/Src/odometry.c:353:6:displayPosition	8	static
