../Core/Src/robot_control.c:16:5:map	32	static
../Core/Src/robot_control.c:21:8:lowPassFilter	40	static
../Core/Src/robot_control.c:26:8:rampTrapezoidal	112	static
../Core/Src/robot_control.c:64:8:limitRateOfChange	48	static
../Core/Src/robot_control.c:73:6:smoothVelocity	64	static
../Core/Src/robot_control.c:88:8:limitAcceleration	56	static
../Core/Src/robot_control.c:98:6:atTargetEG	104	static
../Core/Src/robot_control.c:107:6:atTargetEL	104	static
../Core/Src/robot_control.c:116:6:atTargetPosition	104	static
../Core/Src/robot_control.c:125:6:lookForTheBall	64	static
../Core/Src/robot_control.c:152:6:servo_write	32	static
../Core/Src/robot_control.c:158:6:PID_left	200	static
../Core/Src/robot_control.c:188:6:PID_EG	200	static
../Core/Src/robot_control.c:219:6:PID_EL	200	static
../Core/Src/robot_control.c:249:6:PID_IG	200	static
../Core/Src/robot_control.c:279:6:PID_IL	200	static
../Core/Src/robot_control.c:309:6:PID_External	224	static
../Core/Src/robot_control.c:342:6:PID_KFtocoordinate	224	static
../Core/Src/robot_control.c:375:6:PID_moveToCoordinate	152	static
../Core/Src/robot_control.c:419:6:PID_gotoX	184	static
../Core/Src/robot_control.c:446:6:PID_gotoY	184	static
../Core/Src/robot_control.c:473:6:PID_setDegree	56	static
../Core/Src/robot_control.c:481:6:focusToTheBall	64	static
../Core/Src/robot_control.c:516:6:initializeSilos	24	static
../Core/Src/robot_control.c:529:6:detectAndStoreSilo	160	static
../Core/Src/robot_control.c:570:6:placeBallInSilo	224	static
../Core/Src/robot_control.c:617:6:findAndTakeBall	112	static
../Core/Src/robot_control.c:762:6:throwTheBall	96	static
../Core/Src/robot_control.c:780:6:displayBall	8	static
../Core/Src/robot_control.c:799:6:displaySilo	40	static
