../Core/Src/robot_control.c:13:5:map	32	static
../Core/Src/robot_control.c:18:8:lowPassFilter	40	static
../Core/Src/robot_control.c:23:8:rampTrapezoidal	112	static
../Core/Src/robot_control.c:61:8:limitRateOfChange	48	static
../Core/Src/robot_control.c:70:6:smoothVelocity	64	static
../Core/Src/robot_control.c:85:6:servo_write	32	static
../Core/Src/robot_control.c:91:6:nyoba_gerak	112	static
../Core/Src/robot_control.c:151:6:PID_Tuning	112	static
../Core/Src/robot_control.c:161:6:PID_movetoCoordinate	128	static
../Core/Src/robot_control.c:195:6:PID_Kalman	96	static
../Core/Src/robot_control.c:216:6:PID_nyoba	136	static
../Core/Src/robot_control.c:277:6:PID_KFtocoordinate	136	static
../Core/Src/robot_control.c:305:6:PID_steptoCoordinate	104	static
../Core/Src/robot_control.c:329:6:PID_gotoX	56	static
../Core/Src/robot_control.c:337:6:PID_gotoY	56	static
../Core/Src/robot_control.c:345:6:PID_setDegree	48	static
../Core/Src/robot_control.c:354:6:PID_coba	160	static
../Core/Src/robot_control.c:378:6:focusToTheBall	72	static
../Core/Src/robot_control.c:402:6:findtheBall	88	static
../Core/Src/robot_control.c:505:6:findSilo	168	static
